Microchip MPLAB XC8 Compiler V2.36

Linker command line:

-W-3 --edf=C:\Program Files\Microchip\xc8\v2.36\pic\dat\en_msgs.txt -cn \
  -h+dist/default/production\Lab6.X.production.sym \
  --cmf=dist/default/production\Lab6.X.production.cmf -z -Q18F4550 \
  -oC:\Users\ivanm\AppData\Local\Temp\xcAsa90.4 \
  -Mdist/default/production/Lab6.X.production.map \
  --md=C:\Users\ivanm\AppData\Local\Temp\xcAsa90.dat -E1 -ver=XC8 Compiler \
  --acfsm=1493 -ACODE=00h-07FFFh -ACONST=00h-07FFFh \
  -ASMALLCONST=0800h-08FFhx120 -AMEDIUMCONST=0800h-07FFFh -ACOMRAM=01h-05Fh \
  -AABS1=00h-07FFh -ABIGRAM=01h-07FFh -ARAM=060h-0FFh,0100h-01FFhx7 \
  -ABANK0=060h-0FFh -ABANK1=0100h-01FFh -ABANK2=0200h-02FFh \
  -ABANK3=0300h-03FFh -ABANK4=0400h-04FFh -ABANK5=0500h-05FFh \
  -ABANK6=0600h-06FFh -ABANK7=0700h-07FFh -ASFR=0F60h-0FFFh \
  -ABIGSFR=0F60h-0FFFh -ACONFIG=0300000h-030000Dh -AIDLOC=0200000h-0200007h \
  -AEEDATA=0F00000h-0F000FFh -peeprom_data=EEDATA \
  -preset_vec=00h,intcode=08h,intcodelo,powerup,init -pramtop=0800h \
  -psmallconst=SMALLCONST -pmediumconst=MEDIUMCONST -pconst=CONST \
  -AFARRAM=00h-00h \
  -prdata=COMRAM,nvrram=COMRAM,nvbit=COMRAM,rbss=COMRAM,rbit=COMRAM \
  -pfarbss=FARRAM,fardata=FARRAM,nvFARRAM=FARRAM \
  -pintsave_regs=BIGRAM,bigbss=BIGRAM,bigdata=BIGRAM -pbss=RAM \
  -pidata=CODE,irdata=CODE,ibigdata=CODE,ifardata=CODE -prparam=COMRAM \
  C:\Users\ivanm\AppData\Local\Temp\xcAsa90.o \
  dist/default/production\Lab6.X.production.o 

Object code version is 3.11

Machine type is 18F4550



                Name                               Link     Load   Length Selector   Space Scale
C:\Users\ivanm\AppData\Local\Temp\xcAsa90.o
                idloc                            200000   200000        8        0       5
                config                           300000   300000        E        0       4
                init                                  E        E        4        4       0
                reset_vec                             0        0        4        0       0
dist/default/production\Lab6.X.production.o
                intcode                               8        8        6        4       0
                idloc                            200000   200000        8        0       5
                config                           300000   300000        E        0       4
                temp                                 4D       4D        1        1       1
                text30                             32F8     32F8       16        4       0
                text29                             19A8     19A8      39A        4       0
                text28                             2D4C     2D4C      104        4       0
                text27                              DC0      DC0      42A        4       0
                text26                              4D4      4D4      4C0        4       0
                text25                             326A     326A       46        4       0
                text24                             2C46     2C46      106        4       0
                text23                             270A     270A      1B4        4       0
                text22                             2360     2360      1F2        4       0
                intcode_body                       11EA     11EA      422        4       0
                text20                             32B0     32B0       30        4       0
                text19                             3322     3322        E        4       0
                text18                             3098     3098       88        4       0
                text17                             3120     3120       62        4       0
                text16                             2F20     2F20       C6        4       0
                text15                             2FE6     2FE6       B2        4       0
                text14                             28BE     28BE      17A        4       0
                text13                             330E     330E       14        4       0
                text12                             2E50     2E50       D0        4       0
                text11                             32E0     32E0       18        4       0
                text10                               12       12      4C2        4       0
                text9                              160C     160C      39C        4       0
                text8                              2B40     2B40      106        4       0
                text7                               994      994      42C        4       0
                text6                              2A38     2A38      108        4       0
                text5                              2552     2552      1B8        4       0
                text4                              2164     2164      1FC        4       0
                text3                              31DC     31DC       48        4       0
                text2                              1F66     1F66      1FE        4       0
                text1                              3182     3182       5A        4       0
                text0                              1D42     1D42      224        4       0
                cstackCOMRAM                          1        1       4A        1       1
                cstackBANK0                          60       60       4A       60       1
                dataBANK0                            B8       B8        2       60       1
                bssBANK0                             AA       AA        E       60       1
                dataCOMRAM                           4C       4C        1        1       1
                bssCOMRAM                            4B       4B        1        1       1
                cinit                              3224     3224       46        4       0
                idataBANK0                         3330     3330        2        4       0
                idataCOMRAM                        3332     3332        1        4       0

TOTAL           Name                               Link     Load   Length     Space
        CLASS   CODE           
                intcode                               8        8        6         0
                init                                  E        E        4         0
                reset_vec                             0        0        4         0
                text30                             32F8     32F8       16         0
                text29                             19A8     19A8      39A         0
                text28                             2D4C     2D4C      104         0
                text27                              DC0      DC0      42A         0
                text26                              4D4      4D4      4C0         0
                text25                             326A     326A       46         0
                text24                             2C46     2C46      106         0
                text23                             270A     270A      1B4         0
                text22                             2360     2360      1F2         0
                intcode_body                       11EA     11EA      422         0
                text20                             32B0     32B0       30         0
                text19                             3322     3322        E         0
                text18                             3098     3098       88         0
                text17                             3120     3120       62         0
                text16                             2F20     2F20       C6         0
                text15                             2FE6     2FE6       B2         0
                text14                             28BE     28BE      17A         0
                text13                             330E     330E       14         0
                text12                             2E50     2E50       D0         0
                text11                             32E0     32E0       18         0
                text10                               12       12      4C2         0
                text9                              160C     160C      39C         0
                text8                              2B40     2B40      106         0
                text7                               994      994      42C         0
                text6                              2A38     2A38      108         0
                text5                              2552     2552      1B8         0
                text4                              2164     2164      1FC         0
                text3                              31DC     31DC       48         0
                text2                              1F66     1F66      1FE         0
                text1                              3182     3182       5A         0
                text0                              1D42     1D42      224         0
                cinit                              3224     3224       46         0
                idataBANK0                         3330     3330        2         0
                idataCOMRAM                        3332     3332        1         0

        CLASS   CONST          

        CLASS   SMALLCONST     

        CLASS   MEDIUMCONST    

        CLASS   COMRAM         
                temp                                 4D       4D        1         1
                cstackCOMRAM                          1        1       4A         1
                dataCOMRAM                           4C       4C        1         1
                bssCOMRAM                            4B       4B        1         1

        CLASS   ABS1           

        CLASS   BIGRAM         

        CLASS   RAM            

        CLASS   BANK0          
                cstackBANK0                          60       60       4A         1
                dataBANK0                            B8       B8        2         1
                bssBANK0                             AA       AA        E         1

        CLASS   BANK1          

        CLASS   BANK2          

        CLASS   BANK3          

        CLASS   BANK4          

        CLASS   BANK5          

        CLASS   BANK6          

        CLASS   BANK7          

        CLASS   SFR            

        CLASS   BIGSFR         

        CLASS   CONFIG         
                config                           300000   300000        E         4

        CLASS   IDLOC          
                idloc                            200000   200000        8         5

        CLASS   EEDATA         

        CLASS   FARRAM         

        CLASS   HEAP           

        CLASS   STACK          



SEGMENTS        Name                           Load    Length   Top    Selector   Space  Class

                reset_vec                      000000  000004  000004         0       0  CODE    
                cstackCOMRAM                   000001  00004D  00004E         1       1  COMRAM  
                intcode                        000008  00332B  003333         4       0  CODE    
                cstackBANK0                    000060  00005A  0000BA        60       1  BANK0   


UNUSED ADDRESS RANGES

        Name                Unused          Largest block    Delta
        BANK0            0000BA-0000FF               46
        BANK1            000100-0001FF              100
        BANK2            000200-0002FF              100
        BANK3            000300-0003FF              100
        BANK4            000400-0004FF              100
        BANK5            000500-0005FF              100
        BANK6            000600-0006FF              100
        BANK7            000700-0007FF              100
        BIGRAM           00004E-00005F               12
                         0000BA-0007FF              746
        BIGSFR           000F60-000FFF               A0
        CODE             000004-000007                4
                         003333-007FFF             4CCD
        COMRAM           00004E-00005F               12
        CONST            000004-000007                4
                         003333-007FFF             4CCD
        EEDATA           F00000-F000FF              100
        MEDIUMCONST      003333-007FFF             4CCD
        RAM              0000BA-0007FF              100
        SFR              000F60-000FFF               A0
        SMALLCONST       003333-007FFF              100

                                  Symbol Table

?___awdiv                 cstackBANK0  000066
?___awmod                 cstackBANK0  000060
?___fladd                 cstackBANK0  000060
?___fldiv                 cstackBANK0  000087
?___flmul                 cstackBANK0  00006E
?___flsub                 cstackBANK0  000070
?___fltol                 cstackBANK0  000060
?___xxtofl                cstackBANK0  000060
?i2___fladd               cstackCOMRAM 000001
?i2___fldiv               cstackCOMRAM 000028
?i2___flmul               cstackCOMRAM 00000F
?i2___flsub               cstackCOMRAM 000011
?i2___fltol               cstackCOMRAM 000001
?i2___xxtofl              cstackCOMRAM 000001
ConfiguraLCD@a            cstackBANK0  000060
EnviaDato@a               cstackBANK0  000064
EscribeLCD_n8@a           cstackBANK0  000074
EscribeLCD_n8@b           cstackBANK0  00006E
EscribeLCD_n8@centena     cstackBANK0  000071
EscribeLCD_n8@decena      cstackBANK0  000072
EscribeLCD_n8@unidad      cstackBANK0  000073
RetardoLCD@a              cstackBANK0  000062
Transmitir@dato           cstackBANK0  000060
_ADCON1                   (abs)        000FC1
_BAUDCON                  (abs)        000FB8
_BorraLCD                 text13       00330E
_CCP1CON                  (abs)        000FBD
_CCPR1L                   (abs)        000FBE
_ConfiguraLCD             text20       0032B0
_EnviaDato                text17       003120
_EscribeLCD_n8            text14       0028BE
_GIE                      (abs)        007F97
_HabilitaLCD              text19       003322
_INT0IE                   (abs)        007F94
_INT0IF                   (abs)        007F91
_INTEDG0                  (abs)        007F8E
_ISR                      intcode      000008
_InicializaLCD            text12       002E50
_LATC2                    (abs)        007C5A
_LATD                     (abs)        000F8C
_LATD0                    (abs)        007C60
_LATD1                    (abs)        007C61
_LATD2                    (abs)        007C62
_LATD3                    (abs)        007C63
_LATE                     (abs)        000F8D
_LATE0                    (abs)        007C68
_LATE1                    (abs)        007C69
_PR2                      (abs)        000FCB
_PWM                      bssBANK0     0000B6
_RCIE                     (abs)        007CED
_RCIF                     (abs)        007CF5
_RCIP                     (abs)        007CFD
_RCREG                    (abs)        000FAE
_RCSTA                    (abs)        000FAB
_RetardoLCD               text18       003098
_SPBRG                    (abs)        000FAF
_T0CON                    (abs)        000FD5
_T2CON                    (abs)        000FCA
_TMR0                     (abs)        000FD6
_TMR0IE                   (abs)        007F95
_TMR0IF                   (abs)        007F92
_TMR2                     (abs)        000FCC
_TMR2ON                   (abs)        007E52
_TRISC1                   (abs)        007CA1
_TRISC2                   (abs)        007CA2
_TRISD                    (abs)        000F95
_TRISE                    (abs)        000F96
_TRMT                     (abs)        007D61
_TXREG                    (abs)        000FAD
_TXSTA                    (abs)        000FAC
_Transmitir               text11       0032E0
__HRAM                    (abs)        000000
__Habs1                   abs1         000000
__Hbank0                  bank0        000000
__Hbank1                  bank1        000000
__Hbank2                  bank2        000000
__Hbank3                  bank3        000000
__Hbank4                  bank4        000000
__Hbank5                  bank5        000000
__Hbank6                  bank6        000000
__Hbank7                  bank7        000000
__Hbigbss                 bigbss       000000
__Hbigdata                bigdata      000000
__Hbigram                 bigram       000000
__Hbigsfr                 bigsfr       000000
__Hbss                    bss          000000
__HbssBANK0               bssBANK0     000000
__HbssCOMRAM              bssCOMRAM    000000
__Hcinit                  cinit        000000
__Hclrtext                clrtext      000000
__Hcomram                 comram       000000
__Hconfig                 config       30000E
__Hconst                  const        000000
__HcstackBANK0            cstackBANK0  000000
__HcstackCOMRAM           cstackCOMRAM 000000
__Hdata                   data         000000
__HdataBANK0              dataBANK0    000000
__HdataCOMRAM             dataCOMRAM   000000
__Heeprom_data            eeprom_data  000000
__Hfarbss                 farbss       000000
__Hfardata                fardata      000000
__Hheap                   heap         000000
__Hibigdata               ibigdata     000000
__Hidata                  idata        000000
__HidataBANK0             idataBANK0   000000
__HidataCOMRAM            idataCOMRAM  000000
__Hidloc                  idloc        200008
__Hifardata               ifardata     000000
__Hinit                   init         000012
__Hintcode                intcode      00000E
__Hintcode_body           intcode_body 000000
__Hintcodelo              intcodelo    00000E
__Hintentry               intentry     000000
__Hintret                 intret       000000
__Hintsave_regs           intsave_regs 000000
__Hirdata                 irdata       000000
__Hmediumconst            mediumconst  000000
__HnvFARRAM               nvFARRAM     000000
__Hnvbit                  nvbit        000000
__Hnvrram                 nvrram       000000
__Hparam                  rparam       000000
__Hpowerup                powerup      00000E
__Hram                    ram          000000
__Hramtop                 ramtop       000800
__Hrbit                   rbit         000000
__Hrbss                   rbss         000000
__Hrdata                  rdata        000000
__Hreset_vec              reset_vec    000004
__Hrparam                 rparam       000000
__Hsfr                    sfr          000000
__Hsmallconst             smallconst   000000
__Hspace_0                (abs)        003333
__Hspace_1                (abs)        0000BA
__Hspace_2                (abs)        000000
__Hspace_4                (abs)        60000E
__Hstack                  stack        000000
__Hstruct                 struct       000000
__Htemp                   temp         00004E
__Htext                   text         000000
__Htext0                  text0        000000
__Htext1                  text1        000000
__Htext10                 text10       000000
__Htext11                 text11       000000
__Htext12                 text12       000000
__Htext13                 text13       000000
__Htext14                 text14       000000
__Htext15                 text15       000000
__Htext16                 text16       000000
__Htext17                 text17       000000
__Htext18                 text18       000000
__Htext19                 text19       000000
__Htext2                  text2        000000
__Htext20                 text20       000000
__Htext22                 text22       000000
__Htext23                 text23       000000
__Htext24                 text24       000000
__Htext25                 text25       000000
__Htext26                 text26       000000
__Htext27                 text27       000000
__Htext28                 text28       000000
__Htext29                 text29       000000
__Htext3                  text3        000000
__Htext30                 text30       000000
__Htext4                  text4        000000
__Htext5                  text5        000000
__Htext6                  text6        000000
__Htext7                  text7        000000
__Htext8                  text8        000000
__Htext9                  text9        000000
__LRAM                    (abs)        000001
__Labs1                   abs1         000000
__Lbank0                  bank0        000000
__Lbank1                  bank1        000000
__Lbank2                  bank2        000000
__Lbank3                  bank3        000000
__Lbank4                  bank4        000000
__Lbank5                  bank5        000000
__Lbank6                  bank6        000000
__Lbank7                  bank7        000000
__Lbigbss                 bigbss       000000
__Lbigdata                bigdata      000000
__Lbigram                 bigram       000000
__Lbigsfr                 bigsfr       000000
__Lbss                    bss          000000
__LbssBANK0               bssBANK0     000000
__LbssCOMRAM              bssCOMRAM    000000
__Lcinit                  cinit        000000
__Lclrtext                clrtext      000000
__Lcomram                 comram       000000
__Lconfig                 config       000000
__Lconst                  const        000000
__LcstackBANK0            cstackBANK0  000000
__LcstackCOMRAM           cstackCOMRAM 000000
__Ldata                   data         000000
__LdataBANK0              dataBANK0    000000
__LdataCOMRAM             dataCOMRAM   000000
__Leeprom_data            eeprom_data  000000
__Lfarbss                 farbss       000000
__Lfardata                fardata      000000
__Lheap                   heap         000000
__Libigdata               ibigdata     000000
__Lidata                  idata        000000
__LidataBANK0             idataBANK0   000000
__LidataCOMRAM            idataCOMRAM  000000
__Lidloc                  idloc        000000
__Lifardata               ifardata     000000
__Linit                   init         00000E
__Lintcode                intcode      000008
__Lintcode_body           intcode_body 000000
__Lintcodelo              intcodelo    00000E
__Lintentry               intentry     000000
__Lintret                 intret       000000
__Lintsave_regs           intsave_regs 000000
__Lirdata                 irdata       000000
__Lmediumconst            mediumconst  000000
__LnvFARRAM               nvFARRAM     000000
__Lnvbit                  nvbit        000000
__Lnvrram                 nvrram       000000
__Lparam                  rparam       000000
__Lpowerup                powerup      00000E
__Lram                    ram          000000
__Lramtop                 ramtop       000800
__Lrbit                   rbit         000000
__Lrbss                   rbss         000000
__Lrdata                  rdata        000000
__Lreset_vec              reset_vec    000000
__Lrparam                 rparam       000000
__Lsfr                    sfr          000000
__Lsmallconst             smallconst   000000
__Lspace_0                (abs)        000000
__Lspace_1                (abs)        000000
__Lspace_2                (abs)        000000
__Lspace_4                (abs)        000000
__Lstack                  stack        000000
__Lstruct                 struct       000000
__Ltemp                   temp         00004D
__Ltext                   text         000000
__Ltext0                  text0        000000
__Ltext1                  text1        000000
__Ltext10                 text10       000000
__Ltext11                 text11       000000
__Ltext12                 text12       000000
__Ltext13                 text13       000000
__Ltext14                 text14       000000
__Ltext15                 text15       000000
__Ltext16                 text16       000000
__Ltext17                 text17       000000
__Ltext18                 text18       000000
__Ltext19                 text19       000000
__Ltext2                  text2        000000
__Ltext20                 text20       000000
__Ltext22                 text22       000000
__Ltext23                 text23       000000
__Ltext24                 text24       000000
__Ltext25                 text25       000000
__Ltext26                 text26       000000
__Ltext27                 text27       000000
__Ltext28                 text28       000000
__Ltext29                 text29       000000
__Ltext3                  text3        000000
__Ltext30                 text30       000000
__Ltext4                  text4        000000
__Ltext5                  text5        000000
__Ltext6                  text6        000000
__Ltext7                  text7        000000
__Ltext8                  text8        000000
__Ltext9                  text9        000000
__S0                      (abs)        003333
__S1                      (abs)        0000BA
__S4                      (abs)        000000
__S5                      (abs)        000000
___awdiv                  text16       002F20
___awdiv@counter          cstackBANK0  00006A
___awdiv@dividend         cstackBANK0  000066
___awdiv@divisor          cstackBANK0  000068
___awdiv@quotient         cstackBANK0  00006C
___awdiv@sign             cstackBANK0  00006B
___awmod                  text15       002FE6
___awmod@counter          cstackBANK0  000064
___awmod@dividend         cstackBANK0  000060
___awmod@divisor          cstackBANK0  000062
___awmod@sign             cstackBANK0  000065
___fladd                  text10       000012
___fladd@a                cstackBANK0  000064
___fladd@aexp             cstackBANK0  00006D
___fladd@b                cstackBANK0  000060
___fladd@bexp             cstackBANK0  00006E
___fladd@grs              cstackBANK0  00006F
___fladd@signs            cstackBANK0  00006C
___fldiv                  text9        00160C
___fldiv@a                cstackBANK0  00008B
___fldiv@aexp             cstackBANK0  00009F
___fldiv@b                cstackBANK0  000087
___fldiv@bexp             cstackBANK0  00009E
___fldiv@grs              cstackBANK0  00009A
___fldiv@new_exp          cstackBANK0  000098
___fldiv@rem              cstackBANK0  000093
___fldiv@sign             cstackBANK0  000097
___flge                   text8        002B40
___flge@ff1               cstackBANK0  00006E
___flge@ff2               cstackBANK0  000072
___flmul                  text7        000994
___flmul@a                cstackBANK0  000072
___flmul@aexp             cstackBANK0  00007F
___flmul@b                cstackBANK0  00006E
___flmul@bexp             cstackBANK0  000080
___flmul@grs              cstackBANK0  00007B
___flmul@prod             cstackBANK0  000081
___flmul@sign             cstackBANK0  00007A
___flmul@temp             cstackBANK0  000085
___flsub                  text3        0031DC
___flsub@a                cstackBANK0  000074
___flsub@b                cstackBANK0  000070
___fltol                  text6        002A38
___fltol@exp1             cstackBANK0  000069
___fltol@f1               cstackBANK0  000060
___fltol@sign1            cstackBANK0  000068
___heap_hi                (abs)        000000
___heap_lo                (abs)        000000
___inthi_sp               stack        000000
___intlo_sp               stack        000000
___param_bank             (abs)        000000
___rparam_used            (abs)        000001
___sp                     stack        000000
___xxtofl                 text5        002552
___xxtofl@arg             cstackBANK0  00006A
___xxtofl@exp             cstackBANK0  000069
___xxtofl@sign            cstackBANK0  000068
___xxtofl@val             cstackBANK0  000060
__accesstop               (abs)        000060
__activetblptr            (abs)        000002
__end_of_BorraLCD         text13       003322
__end_of_ConfiguraLCD     text20       0032E0
__end_of_EnviaDato        text17       003182
__end_of_EscribeLCD_n8    text14       002A38
__end_of_HabilitaLCD      text19       003330
__end_of_ISR              intcode_body 00160C
__end_of_InicializaLCD    text12       002F20
__end_of_RetardoLCD       text18       003120
__end_of_Transmitir       text11       0032F8
__end_of___awdiv          text16       002FE6
__end_of___awmod          text15       003098
__end_of___fladd          text10       0004D4
__end_of___fldiv          text9        0019A8
__end_of___flge           text8        002C46
__end_of___flmul          text7        000DC0
__end_of___flsub          text3        003224
__end_of___fltol          text6        002B40
__end_of___xxtofl         text5        00270A
__end_of__initialization  cinit        00325C
__end_of_aceleracion      text4        002360
__end_of_cambios          text1        0031DC
__end_of_desaceleracion   text2        002164
__end_of_main             text0        001F66
__end_ofi2_Transmitir     text30       00330E
__end_ofi2___fladd        text26       000994
__end_ofi2___fldiv        text29       001D42
__end_ofi2___flge         text28       002E50
__end_ofi2___flmul        text27       0011EA
__end_ofi2___flsub        text25       0032B0
__end_ofi2___fltol        text24       002D4C
__end_ofi2___xxtofl       text23       0028BE
__end_ofi2_desaceleracion text22       002552
__initialization          cinit        003224
__mediumconst             mediumconst  000000
__pbssBANK0               bssBANK0     0000AA
__pbssCOMRAM              bssCOMRAM    00004B
__pcinit                  cinit        003224
__pcstackBANK0            cstackBANK0  000060
__pcstackCOMRAM           cstackCOMRAM 000001
__pdataBANK0              dataBANK0    0000B8
__pdataCOMRAM             dataCOMRAM   00004C
__pidataBANK0             idataBANK0   003330
__pidataCOMRAM            idataCOMRAM  003332
__pintcode                intcode      000008
__pintcode_body           intcode_body 0011EA
__ptext0                  text0        001D42
__ptext1                  text1        003182
__ptext10                 text10       000012
__ptext11                 text11       0032E0
__ptext12                 text12       002E50
__ptext13                 text13       00330E
__ptext14                 text14       0028BE
__ptext15                 text15       002FE6
__ptext16                 text16       002F20
__ptext17                 text17       003120
__ptext18                 text18       003098
__ptext19                 text19       003322
__ptext2                  text2        001F66
__ptext20                 text20       0032B0
__ptext22                 text22       002360
__ptext23                 text23       00270A
__ptext24                 text24       002C46
__ptext25                 text25       00326A
__ptext26                 text26       0004D4
__ptext27                 text27       000DC0
__ptext28                 text28       002D4C
__ptext29                 text29       0019A8
__ptext3                  text3        0031DC
__ptext30                 text30       0032F8
__ptext4                  text4        002164
__ptext5                  text5        002552
__ptext6                  text6        002A38
__ptext7                  text7        000994
__ptext8                  text8        002B40
__ptext9                  text9        00160C
__ramtop                  ramtop       000800
__smallconst              smallconst   000000
_aceleracion              text4        002164
_calc                     bssBANK0     0000AA
_cambios                  text1        003182
_desaceleracion           text2        001F66
_estado                   bssBANK0     0000B4
_interfaz                 dataCOMRAM   00004C
_lectura                  bssCOMRAM    00004B
_main                     text0        001D42
_temporal                 bssBANK0     0000B2
_tiempo                   dataBANK0    0000B8
_var1                     bssBANK0     0000AE
aceleracion@objetivo      cstackBANK0  0000A0
aceleracion@t             cstackBANK0  0000A2
btemp                     temp         00004D
cambios@s                 cstackBANK0  0000A6
desaceleracion@objetivo   cstackBANK0  0000A0
desaceleracion@t          cstackBANK0  0000A2
end_of_initialization     cinit        00325C
i2Transmitir@dato         cstackCOMRAM 000001
i2_Transmitir             text30       0032F8
i2___fladd                text26       0004D4
i2___fladd@a              cstackCOMRAM 000005
i2___fladd@aexp           cstackCOMRAM 00000E
i2___fladd@b              cstackCOMRAM 000001
i2___fladd@bexp           cstackCOMRAM 00000F
i2___fladd@grs            cstackCOMRAM 000010
i2___fladd@signs          cstackCOMRAM 00000D
i2___fldiv                text29       0019A8
i2___fldiv@a              cstackCOMRAM 00002C
i2___fldiv@aexp           cstackCOMRAM 000040
i2___fldiv@b              cstackCOMRAM 000028
i2___fldiv@bexp           cstackCOMRAM 00003F
i2___fldiv@grs            cstackCOMRAM 00003B
i2___fldiv@new_exp        cstackCOMRAM 000039
i2___fldiv@rem            cstackCOMRAM 000034
i2___fldiv@sign           cstackCOMRAM 000038
i2___flge                 text28       002D4C
i2___flge@ff1             cstackCOMRAM 00000F
i2___flge@ff2             cstackCOMRAM 000013
i2___flmul                text27       000DC0
i2___flmul@a              cstackCOMRAM 000013
i2___flmul@aexp           cstackCOMRAM 000020
i2___flmul@b              cstackCOMRAM 00000F
i2___flmul@bexp           cstackCOMRAM 000021
i2___flmul@grs            cstackCOMRAM 00001C
i2___flmul@prod           cstackCOMRAM 000022
i2___flmul@sign           cstackCOMRAM 00001B
i2___flmul@temp           cstackCOMRAM 000026
i2___flsub                text25       00326A
i2___flsub@a              cstackCOMRAM 000015
i2___flsub@b              cstackCOMRAM 000011
i2___fltol                text24       002C46
i2___fltol@exp1           cstackCOMRAM 00000A
i2___fltol@f1             cstackCOMRAM 000001
i2___fltol@sign1          cstackCOMRAM 000009
i2___xxtofl               text23       00270A
i2___xxtofl@arg           cstackCOMRAM 00000B
i2___xxtofl@exp           cstackCOMRAM 00000A
i2___xxtofl@sign          cstackCOMRAM 000009
i2___xxtofl@val           cstackCOMRAM 000001
i2_desaceleracion         text22       002360
i2desaceleracion@objetivo cstackCOMRAM 000041
i2desaceleracion@t        cstackCOMRAM 000043
int$flags                 temp         00004D
int_func                  intcode_body 0011EA
intlevel0                 text         000000
intlevel1                 text         000000
intlevel2                 text         000000
intlevel3                 text         000000
isa$std                   (abs)        000001
isa$xinst                 (abs)        000000
stackhi                   (abs)        000000
stacklo                   (abs)        000000
start                     init         00000E
start_initialization      cinit        003224
ttemp5                    temp         00004E
ttemp6                    temp         000051
ttemp7                    temp         000055
wtemp8                    temp         00004E


MODULE INFORMATION

Module		Function		Class		Link	Load	Size
C:\Program Files\Microchip\xc8\v2.36\pic\sources\c99\common\sprcmul.c
		___flmul       		CODE           	0994	0000	1068

C:\Program Files\Microchip\xc8\v2.36\pic\sources\c99\common\sprcmul.c estimated size: 1068

./LibLCDXC8.h
		_InicializaLCD 		CODE           	2E50	0000	208
		_EnviaDato     		CODE           	3120	0000	98
		_HabilitaLCD   		CODE           	3322	0000	14
		_EscribeLCD_n8 		CODE           	28BE	0000	378
		_ConfiguraLCD  		CODE           	32B0	0000	48
		_BorraLCD      		CODE           	330E	0000	20
		_RetardoLCD    		CODE           	3098	0000	136

./LibLCDXC8.h estimated size: 902

C:\Program Files\Microchip\xc8\v2.36\pic\sources\c99\common\sprcdiv.c
		___fldiv       		CODE           	160C	0000	924

C:\Program Files\Microchip\xc8\v2.36\pic\sources\c99\common\sprcdiv.c estimated size: 924

C:\Program Files\Microchip\xc8\v2.36\pic\sources\c99\common\awmod.c
		___awmod       		CODE           	2FE6	0000	178

C:\Program Files\Microchip\xc8\v2.36\pic\sources\c99\common\awmod.c estimated size: 178

C:\Program Files\Microchip\xc8\v2.36\pic\sources\c99\common\xxtofl.c
		___xxtofl      		CODE           	2552	0000	440

C:\Program Files\Microchip\xc8\v2.36\pic\sources\c99\common\xxtofl.c estimated size: 440

C:\Program Files\Microchip\xc8\v2.36\pic\sources\c99\common\sprcadd.c
		___flsub       		CODE           	31DC	0000	72
		___fladd       		CODE           	0012	0000	1218

C:\Program Files\Microchip\xc8\v2.36\pic\sources\c99\common\sprcadd.c estimated size: 1290

C:\Program Files\Microchip\xc8\v2.36\pic\sources\c99\common\awdiv.c
		___awdiv       		CODE           	2F20	0000	198

C:\Program Files\Microchip\xc8\v2.36\pic\sources\c99\common\awdiv.c estimated size: 198

C:\Program Files\Microchip\xc8\v2.36\pic\sources\c99\common\fltol.c
		___fltol       		CODE           	2A38	0000	264

C:\Program Files\Microchip\xc8\v2.36\pic\sources\c99\common\fltol.c estimated size: 264

shared
		i2_desaceleracion		CODE           	2360	0000	498
		i2___fladd     		CODE           	04D4	0000	1216
		i2___fldiv     		CODE           	19A8	0000	922
		i2___fltol     		CODE           	2C46	0000	262
		__initialization		CODE           	3224	0000	56
		i2___flge      		CODE           	2D4C	0000	260
		i2___flmul     		CODE           	0DC0	0000	1066
		i2___xxtofl    		CODE           	270A	0000	436
		i2___flsub     		CODE           	326A	0000	70
		i2_Transmitir  		CODE           	32F8	0000	22

shared estimated size: 4808

C:\Program Files\Microchip\xc8\v2.36\pic\sources\c99\common\flge.c
		___flge        		CODE           	2B40	0000	262

C:\Program Files\Microchip\xc8\v2.36\pic\sources\c99\common\flge.c estimated size: 262

Lab6.c
		_ISR           		CODE           	0008	0000	1064
		_aceleracion   		CODE           	2164	0000	508
		_main          		CODE           	1D42	0000	548
		_Transmitir    		CODE           	32E0	0000	24
		_cambios       		CODE           	3182	0000	90
		_desaceleracion		CODE           	1F66	0000	510

Lab6.c estimated size: 2744

