Microchip MPLAB XC8 Compiler V2.36

Linker command line:

-W-3 --edf=C:\Program Files\Microchip\xc8\v2.36\pic\dat\en_msgs.txt -cn \
  -h+dist/default/production\Lab4.X.production.sym \
  --cmf=dist/default/production\Lab4.X.production.cmf -z -Q18F4550 \
  -oC:\Users\ivanm\AppData\Local\Temp\xcAsfr0.4 \
  -Mdist/default/production/Lab4.X.production.map \
  --md=C:\Users\ivanm\AppData\Local\Temp\xcAsfr0.dat -E1 -ver=XC8 Compiler \
  --acfsm=1493 -ACODE=00h-07FFFh -ACONST=00h-07FFFh \
  -ASMALLCONST=0800h-08FFhx120 -AMEDIUMCONST=0800h-07FFFh -ACOMRAM=01h-05Fh \
  -AABS1=00h-07FFh -ABIGRAM=01h-07FFh -ARAM=060h-0FFh,0100h-01FFhx7 \
  -ABANK0=060h-0FFh -ABANK1=0100h-01FFh -ABANK2=0200h-02FFh \
  -ABANK3=0300h-03FFh -ABANK4=0400h-04FFh -ABANK5=0500h-05FFh \
  -ABANK6=0600h-06FFh -ABANK7=0700h-07FFh -ASFR=0F60h-0FFFh \
  -ABIGSFR=0F60h-0FFFh -ACONFIG=0300000h-030000Dh -AIDLOC=0200000h-0200007h \
  -AEEDATA=0F00000h-0F000FFh -peeprom_data=EEDATA \
  -preset_vec=00h,intcode=08h,intcodelo,powerup,init -pramtop=0800h \
  -psmallconst=SMALLCONST -pmediumconst=MEDIUMCONST -pconst=CONST \
  -AFARRAM=00h-00h \
  -prdata=COMRAM,nvrram=COMRAM,nvbit=COMRAM,rbss=COMRAM,rbit=COMRAM \
  -pfarbss=FARRAM,fardata=FARRAM,nvFARRAM=FARRAM \
  -pintsave_regs=BIGRAM,bigbss=BIGRAM,bigdata=BIGRAM -pbss=RAM \
  -pidata=CODE,irdata=CODE,ibigdata=CODE,ifardata=CODE -prparam=COMRAM \
  C:\Users\ivanm\AppData\Local\Temp\xcAsfr0.o \
  dist/default/production\Lab4.X.production.o 

Object code version is 3.11

Machine type is 18F4550



                Name                               Link     Load   Length Selector   Space Scale
C:\Users\ivanm\AppData\Local\Temp\xcAsfr0.o
                idloc                            200000   200000        8        0       5
                config                           300000   300000        E        0       4
                init                                  E        E        4        4       0
                reset_vec                             0        0        4        0       0
dist/default/production\Lab4.X.production.o
                intcode                               8        8        6        4       0
                idloc                            200000   200000        8        0       5
                config                           300000   300000        E        0       4
                temp                                 58       58        1        1       1
                smallconst                          800      800       A0      400       0
                text41                             7320     7320       F0      450       0
                text40                             74E8     74E8       D0      450       0
                text39                             7CB8     7CB8        E      450       0
                text38                             786C     786C       80      450       0
                text37                             7950     7950       5E      450       0
                text36                             7C34     7C34       16      450       0
                text35                             3198     3198     1DC8      450       0
                text34                             75B8     75B8       C4      450       0
                text33                             7734     7734       B0      450       0
                text32                             6FB6     6FB6      160      450       0
                text31                             7116     7116      106      450       0
                text30                             7BB8     7BB8       26      450       0
                text29                             62A2     62A2      42A      450       0
                text28                             6C9A     6C9A      1B4      450       0
                text27                             767C     767C       B8      450       0
                text26                             66CC     66CC      39A      450       0
                text25                             7B1C     7B1C       38      450       0
                text24                             592A     592A      4C0      450       0
                text23                             7A58     7A58       46      450       0
                text22                             7B54     7B54       34      450       0
                text21                             6A66     6A66      234      450       0
                text20                             721C     721C      104      450       0
                text19                             7BDE     7BDE       22      450       0
                text18                             546A     546A      4C0      450       0
                text17                              8A0      8A0     28F8      450       0
                text16                             7ADE     7ADE       3E      450       0
                text15                             4F60     4F60      50A      450       0
                text14                             7C86     7C86       14      450       0
                text13                             7C72     7C72       14      450       0
                intcode_body                       5DEA     5DEA      4B8      450       0
                text11                             7CAA     7CAA        E      450       0
                text10                             77E4     77E4       88      450       0
                text9                              78EC     78EC       64      450       0
                text8                              7C1A     7C1A       1A      450       0
                text7                              7C00     7C00       1A      450       0
                text6                              7A08     7A08       50      450       0
                text5                              7B88     7B88       30      450       0
                text4                              7C5E     7C5E       14      450       0
                text3                              7C4A     7C4A       14      450       0
                text2                              7410     7410       D8      450       0
                text1                              7A9E     7A9E       40      450       0
                text0                              6E4E     6E4E      168      450       0
                cstackCOMRAM                          1        1       57        1       1
                cstackBANK0                          60       60       53       60       1
                cstackBANK1                         100      100       BC      100       1
                cstackBANK2                         210      210        E      200       1
                dataBANK2                           200      200       10      200       1
                dataBANK0                            C9       C9        4       60       1
                bssBANK0                             B3       B3       16       60       1
                cinit                              79AE     79AE       5A      450       0
                idataBANK2                         7C9A     7C9A       10      450       0
                idataBANK0                         7CC6     7CC6        4      450       0

TOTAL           Name                               Link     Load   Length     Space
        CLASS   CODE           
                intcode                               8        8        6         0
                init                                  E        E        4         0
                reset_vec                             0        0        4         0
                text41                             7320     7320       F0         0
                text40                             74E8     74E8       D0         0
                text39                             7CB8     7CB8        E         0
                text38                             786C     786C       80         0
                text37                             7950     7950       5E         0
                text36                             7C34     7C34       16         0
                text35                             3198     3198     1DC8         0
                text34                             75B8     75B8       C4         0
                text33                             7734     7734       B0         0
                text32                             6FB6     6FB6      160         0
                text31                             7116     7116      106         0
                text30                             7BB8     7BB8       26         0
                text29                             62A2     62A2      42A         0
                text28                             6C9A     6C9A      1B4         0
                text27                             767C     767C       B8         0
                text26                             66CC     66CC      39A         0
                text25                             7B1C     7B1C       38         0
                text24                             592A     592A      4C0         0
                text23                             7A58     7A58       46         0
                text22                             7B54     7B54       34         0
                text21                             6A66     6A66      234         0
                text20                             721C     721C      104         0
                text19                             7BDE     7BDE       22         0
                text18                             546A     546A      4C0         0
                text17                              8A0      8A0     28F8         0
                text16                             7ADE     7ADE       3E         0
                text15                             4F60     4F60      50A         0
                text14                             7C86     7C86       14         0
                text13                             7C72     7C72       14         0
                intcode_body                       5DEA     5DEA      4B8         0
                text11                             7CAA     7CAA        E         0
                text10                             77E4     77E4       88         0
                text9                              78EC     78EC       64         0
                text8                              7C1A     7C1A       1A         0
                text7                              7C00     7C00       1A         0
                text6                              7A08     7A08       50         0
                text5                              7B88     7B88       30         0
                text4                              7C5E     7C5E       14         0
                text3                              7C4A     7C4A       14         0
                text2                              7410     7410       D8         0
                text1                              7A9E     7A9E       40         0
                text0                              6E4E     6E4E      168         0
                cinit                              79AE     79AE       5A         0
                idataBANK2                         7C9A     7C9A       10         0
                idataBANK0                         7CC6     7CC6        4         0

        CLASS   CONST          

        CLASS   SMALLCONST     
                smallconst                          800      800       A0         0

        CLASS   MEDIUMCONST    

        CLASS   COMRAM         
                temp                                 58       58        1         1
                cstackCOMRAM                          1        1       57         1

        CLASS   ABS1           

        CLASS   BIGRAM         

        CLASS   RAM            

        CLASS   BANK0          
                cstackBANK0                          60       60       53         1
                dataBANK0                            C9       C9        4         1
                bssBANK0                             B3       B3       16         1

        CLASS   BANK1          
                cstackBANK1                         100      100       BC         1

        CLASS   BANK2          
                cstackBANK2                         210      210        E         1
                dataBANK2                           200      200       10         1

        CLASS   BANK3          

        CLASS   BANK4          

        CLASS   BANK5          

        CLASS   BANK6          

        CLASS   BANK7          

        CLASS   SFR            

        CLASS   BIGSFR         

        CLASS   CONFIG         
                config                           300000   300000        E         4

        CLASS   IDLOC          
                idloc                            200000   200000        8         5

        CLASS   EEDATA         

        CLASS   FARRAM         

        CLASS   HEAP           

        CLASS   STACK          



SEGMENTS        Name                           Load    Length   Top    Selector   Space  Class

                reset_vec                      000000  000004  000004         0       0  CODE    
                cstackCOMRAM                   000001  000058  000059         1       1  COMRAM  
                intcode                        000008  00000A  000012         4       0  CODE    
                cstackBANK0                    000060  00006D  0000CD        60       1  BANK0   
                cstackBANK1                    000100  0000BC  0001BC       100       1  BANK1   
                dataBANK2                      000200  00001E  00021E       200       1  BANK2   
                smallconst                     000800  0000A0  0008A0       400       0  SMALLCON
                text17                         0008A0  00742A  007CCA       450       0  CODE    


UNUSED ADDRESS RANGES

        Name                Unused          Largest block    Delta
        BANK0            0000CD-0000FF               33
        BANK1            0001BC-0001FF               44
        BANK2            00021E-0002FF               E2
        BANK3            000300-0003FF              100
        BANK4            000400-0004FF              100
        BANK5            000500-0005FF              100
        BANK6            000600-0006FF              100
        BANK7            000700-0007FF              100
        BIGRAM           000059-00005F                7
                         0000CD-0000FF               33
                         0001BC-0001FF               44
                         00021E-0007FF              5E2
        BIGSFR           000F60-000FFF               A0
        CODE             000004-000007                4
                         000012-0007FF              7EE
                         007CCA-007FFF              336
        COMRAM           000059-00005F                7
        CONST            000004-000007                4
                         000012-0007FF              7EE
                         007CCA-007FFF              336
        EEDATA           F00000-F000FF              100
        MEDIUMCONST      007CCA-007FFF              336
        RAM              0000CD-0000FF               33
                         0001BC-0001FF               44
                         00021E-0007FF              100
        SFR              000F60-000FFF               A0
        SMALLCONST       007CCA-007FFF              100

                                  Symbol Table

?___awdiv                  cstackCOMRAM 000007
?___awmod                  cstackCOMRAM 000001
?___fladd                  cstackCOMRAM 000001
?___fldiv                  cstackCOMRAM 000036
?___flmul                  cstackCOMRAM 000015
?___flneg                  cstackCOMRAM 000001
?___flsub                  cstackCOMRAM 00002E
?___fltol                  cstackCOMRAM 000001
?___lodiv                  cstackCOMRAM 000012
?___lomod                  cstackCOMRAM 000001
?___wmul                   cstackCOMRAM 000001
?___xxtofl                 cstackCOMRAM 000007
?_fabsf                    cstackCOMRAM 000001
?_factorial                cstackCOMRAM 00002E
?_nanf                     cstackCOMRAM 000001
?_powf                     cstackBANK0  000084
?_scalbnf                  cstackCOMRAM 00002E
?_sqrtf                    cstackCOMRAM 000042
CaracterEspecial@i         cstackBANK2  000219
CaracterEspecial@msg       cstackBANK2  000216
CaracterEspecial@pos       cstackBANK2  000218
ConfiguraLCD@a             cstackBANK2  000210
DireccionaLCD@a            cstackBANK2  000215
EnviaDato@a                cstackBANK2  000214
EscribeLCD_c@a             cstackBANK2  000215
EscribeLCD_n64@a           cstackCOMRAM 00002B
EscribeLCD_n64@b           cstackCOMRAM 000033
EscribeLCD_n64@centena     cstackBANK0  000090
EscribeLCD_n64@decena      cstackBANK0  000098
EscribeLCD_n64@millarC     cstackBANK0  000078
EscribeLCD_n64@millarD     cstackBANK0  000080
EscribeLCD_n64@millarU     cstackBANK0  000088
EscribeLCD_n64@millonC     cstackBANK0  000060
EscribeLCD_n64@millonD     cstackBANK0  000068
EscribeLCD_n64@millonU     cstackBANK0  000070
EscribeLCD_n64@unidad      cstackBANK0  000099
EscribeLCD_n8@a            cstackCOMRAM 000015
EscribeLCD_n8@b            cstackCOMRAM 00000F
EscribeLCD_n8@centena      cstackCOMRAM 000012
EscribeLCD_n8@decena       cstackCOMRAM 000013
EscribeLCD_n8@unidad       cstackCOMRAM 000014
MensajeLCD_Var@a           cstackBANK2  000216
MensajeLCD_Var@p           cstackBANK2  000218
RetardoLCD@a               cstackBANK2  000212
_ADCON1                    (abs)        000FC1
_BorraLCD                  text3        007C4A
_CaracterEspecial          text6        007A08
_ConfiguraLCD              text5        007B88
_DesplazaCursorI           text4        007C5E
_DireccionaLCD             text8        007C1A
_EnviaDato                 text9        0078EC
_EscribeLCD_c              text7        007C00
_EscribeLCD_n64            text35       003198
_EscribeLCD_n8             text32       006FB6
_GIE                       (abs)        007F97
_HabilitaLCD               text11       007CAA
_ISR                       intcode      000008
_InicializaLCD             text2        007410
_LATB                      (abs)        000F8A
_LATC                      (abs)        000F8B
_LATD                      (abs)        000F8C
_LATD0                     (abs)        007C60
_LATD1                     (abs)        007C61
_LATD2                     (abs)        007C62
_MensajeLCD_Var            text1        007A9E
_POR                       (abs)        007E81
_PORTB                     (abs)        000F81
_RB4                       (abs)        007C0C
_RB5                       (abs)        007C0D
_RB6                       (abs)        007C0E
_RB7                       (abs)        007C0F
_RBIE                      (abs)        007F93
_RBIF                      (abs)        007F90
_RBPU                      (abs)        007F8F
_RE0                       (abs)        007C20
_RetardoLCD                text10       0077E4
_T0CON                     (abs)        000FD5
_TMR0                      (abs)        000FD6
_TMR0IE                    (abs)        007F95
_TMR0IF                    (abs)        007F92
_TRISB                     (abs)        000F93
_TRISC                     (abs)        000F94
_TRISD                     (abs)        000F95
_Tecla                     dataBANK0    0000C9
_Teclal                    dataBANK0    0000CB
__HRAM                     (abs)        000000
__Habs1                    abs1         000000
__Hbank0                   bank0        000000
__Hbank1                   bank1        000000
__Hbank2                   bank2        000000
__Hbank3                   bank3        000000
__Hbank4                   bank4        000000
__Hbank5                   bank5        000000
__Hbank6                   bank6        000000
__Hbank7                   bank7        000000
__Hbigbss                  bigbss       000000
__Hbigdata                 bigdata      000000
__Hbigram                  bigram       000000
__Hbigsfr                  bigsfr       000000
__Hbss                     bss          000000
__HbssBANK0                bssBANK0     000000
__Hcinit                   cinit        000000
__Hclrtext                 clrtext      000000
__Hcomram                  comram       000000
__Hconfig                  config       30000E
__Hconst                   const        000000
__HcstackBANK0             cstackBANK0  000000
__HcstackBANK1             cstackBANK1  000000
__HcstackBANK2             cstackBANK2  000000
__HcstackCOMRAM            cstackCOMRAM 000000
__Hdata                    data         000000
__HdataBANK0               dataBANK0    000000
__HdataBANK2               dataBANK2    000000
__Heeprom_data             eeprom_data  000000
__Hfarbss                  farbss       000000
__Hfardata                 fardata      000000
__Hheap                    heap         000000
__Hibigdata                ibigdata     000000
__Hidata                   idata        000000
__HidataBANK0              idataBANK0   000000
__HidataBANK2              idataBANK2   000000
__Hidloc                   idloc        200008
__Hifardata                ifardata     000000
__Hinit                    init         000012
__Hintcode                 intcode      00000E
__Hintcode_body            intcode_body 000000
__Hintcodelo               intcodelo    00000E
__Hintentry                intentry     000000
__Hintret                  intret       000000
__Hintsave_regs            intsave_regs 000000
__Hirdata                  irdata       000000
__Hmediumconst             mediumconst  000000
__HnvFARRAM                nvFARRAM     000000
__Hnvbit                   nvbit        000000
__Hnvrram                  nvrram       000000
__Hparam                   rparam       000000
__Hpowerup                 powerup      00000E
__Hram                     ram          000000
__Hramtop                  ramtop       000800
__Hrbit                    rbit         000000
__Hrbss                    rbss         000000
__Hrdata                   rdata        000000
__Hreset_vec               reset_vec    000004
__Hrparam                  rparam       000000
__Hsfr                     sfr          000000
__Hsmallconst              smallconst   0008A0
__Hspace_0                 (abs)        007CCA
__Hspace_1                 (abs)        00021E
__Hspace_2                 (abs)        000000
__Hspace_4                 (abs)        60000E
__Hstack                   stack        000000
__Hstruct                  struct       000000
__Htemp                    temp         000059
__Htext                    text         000000
__Htext0                   text0        000000
__Htext1                   text1        000000
__Htext10                  text10       000000
__Htext11                  text11       000000
__Htext13                  text13       000000
__Htext14                  text14       000000
__Htext15                  text15       000000
__Htext16                  text16       000000
__Htext17                  text17       000000
__Htext18                  text18       000000
__Htext19                  text19       000000
__Htext2                   text2        000000
__Htext20                  text20       000000
__Htext21                  text21       000000
__Htext22                  text22       000000
__Htext23                  text23       000000
__Htext24                  text24       000000
__Htext25                  text25       000000
__Htext26                  text26       000000
__Htext27                  text27       000000
__Htext28                  text28       000000
__Htext29                  text29       000000
__Htext3                   text3        000000
__Htext30                  text30       000000
__Htext31                  text31       000000
__Htext32                  text32       000000
__Htext33                  text33       000000
__Htext34                  text34       000000
__Htext35                  text35       000000
__Htext36                  text36       000000
__Htext37                  text37       000000
__Htext38                  text38       000000
__Htext39                  text39       000000
__Htext4                   text4        000000
__Htext40                  text40       000000
__Htext41                  text41       000000
__Htext5                   text5        000000
__Htext6                   text6        000000
__Htext7                   text7        000000
__Htext8                   text8        000000
__Htext9                   text9        000000
__LRAM                     (abs)        000001
__Labs1                    abs1         000000
__Lbank0                   bank0        000000
__Lbank1                   bank1        000000
__Lbank2                   bank2        000000
__Lbank3                   bank3        000000
__Lbank4                   bank4        000000
__Lbank5                   bank5        000000
__Lbank6                   bank6        000000
__Lbank7                   bank7        000000
__Lbigbss                  bigbss       000000
__Lbigdata                 bigdata      000000
__Lbigram                  bigram       000000
__Lbigsfr                  bigsfr       000000
__Lbss                     bss          000000
__LbssBANK0                bssBANK0     000000
__Lcinit                   cinit        000000
__Lclrtext                 clrtext      000000
__Lcomram                  comram       000000
__Lconfig                  config       000000
__Lconst                   const        000000
__LcstackBANK0             cstackBANK0  000000
__LcstackBANK1             cstackBANK1  000000
__LcstackBANK2             cstackBANK2  000000
__LcstackCOMRAM            cstackCOMRAM 000000
__Ldata                    data         000000
__LdataBANK0               dataBANK0    000000
__LdataBANK2               dataBANK2    000000
__Leeprom_data             eeprom_data  000000
__Lfarbss                  farbss       000000
__Lfardata                 fardata      000000
__Lheap                    heap         000000
__Libigdata                ibigdata     000000
__Lidata                   idata        000000
__LidataBANK0              idataBANK0   000000
__LidataBANK2              idataBANK2   000000
__Lidloc                   idloc        000000
__Lifardata                ifardata     000000
__Linit                    init         00000E
__Lintcode                 intcode      000008
__Lintcode_body            intcode_body 000000
__Lintcodelo               intcodelo    00000E
__Lintentry                intentry     000000
__Lintret                  intret       000000
__Lintsave_regs            intsave_regs 000000
__Lirdata                  irdata       000000
__Lmediumconst             mediumconst  000000
__LnvFARRAM                nvFARRAM     000000
__Lnvbit                   nvbit        000000
__Lnvrram                  nvrram       000000
__Lparam                   rparam       000000
__Lpowerup                 powerup      00000E
__Lram                     ram          000000
__Lramtop                  ramtop       000800
__Lrbit                    rbit         000000
__Lrbss                    rbss         000000
__Lrdata                   rdata        000000
__Lreset_vec               reset_vec    000000
__Lrparam                  rparam       000000
__Lsfr                     sfr          000000
__Lsmallconst              smallconst   000800
__Lspace_0                 (abs)        000000
__Lspace_1                 (abs)        000000
__Lspace_2                 (abs)        000000
__Lspace_4                 (abs)        000000
__Lstack                   stack        000000
__Lstruct                  struct       000000
__Ltemp                    temp         000058
__Ltext                    text         000000
__Ltext0                   text0        000000
__Ltext1                   text1        000000
__Ltext10                  text10       000000
__Ltext11                  text11       000000
__Ltext13                  text13       000000
__Ltext14                  text14       000000
__Ltext15                  text15       000000
__Ltext16                  text16       000000
__Ltext17                  text17       000000
__Ltext18                  text18       000000
__Ltext19                  text19       000000
__Ltext2                   text2        000000
__Ltext20                  text20       000000
__Ltext21                  text21       000000
__Ltext22                  text22       000000
__Ltext23                  text23       000000
__Ltext24                  text24       000000
__Ltext25                  text25       000000
__Ltext26                  text26       000000
__Ltext27                  text27       000000
__Ltext28                  text28       000000
__Ltext29                  text29       000000
__Ltext3                   text3        000000
__Ltext30                  text30       000000
__Ltext31                  text31       000000
__Ltext32                  text32       000000
__Ltext33                  text33       000000
__Ltext34                  text34       000000
__Ltext35                  text35       000000
__Ltext36                  text36       000000
__Ltext37                  text37       000000
__Ltext38                  text38       000000
__Ltext39                  text39       000000
__Ltext4                   text4        000000
__Ltext40                  text40       000000
__Ltext41                  text41       000000
__Ltext5                   text5        000000
__Ltext6                   text6        000000
__Ltext7                   text7        000000
__Ltext8                   text8        000000
__Ltext9                   text9        000000
__S0                       (abs)        007CCA
__S1                       (abs)        00021E
__S4                       (abs)        000000
__S5                       (abs)        000000
___awdiv                   text34       0075B8
___awdiv@counter           cstackCOMRAM 00000B
___awdiv@dividend          cstackCOMRAM 000007
___awdiv@divisor           cstackCOMRAM 000009
___awdiv@quotient          cstackCOMRAM 00000D
___awdiv@sign              cstackCOMRAM 00000C
___awmod                   text33       007734
___awmod@counter           cstackCOMRAM 000005
___awmod@dividend          cstackCOMRAM 000001
___awmod@divisor           cstackCOMRAM 000003
___awmod@sign              cstackCOMRAM 000006
___fladd                   text24       00592A
___fladd@a                 cstackCOMRAM 000005
___fladd@aexp              cstackCOMRAM 00000E
___fladd@b                 cstackCOMRAM 000001
___fladd@bexp              cstackCOMRAM 00000F
___fladd@grs               cstackCOMRAM 000010
___fladd@signs             cstackCOMRAM 00000D
___fldiv                   text26       0066CC
___fldiv@a                 cstackCOMRAM 00003A
___fldiv@aexp              cstackCOMRAM 00004E
___fldiv@b                 cstackCOMRAM 000036
___fldiv@bexp              cstackCOMRAM 00004D
___fldiv@grs               cstackCOMRAM 000049
___fldiv@new_exp           cstackCOMRAM 000047
___fldiv@rem               cstackCOMRAM 000042
___fldiv@sign              cstackCOMRAM 000046
___flge                    text20       00721C
___flge@ff1                cstackCOMRAM 000036
___flge@ff2                cstackCOMRAM 00003A
___flmul                   text29       0062A2
___flmul@a                 cstackCOMRAM 000019
___flmul@aexp              cstackCOMRAM 000026
___flmul@b                 cstackCOMRAM 000015
___flmul@bexp              cstackCOMRAM 000027
___flmul@grs               cstackCOMRAM 000022
___flmul@prod              cstackCOMRAM 000028
___flmul@sign              cstackCOMRAM 000021
___flmul@temp              cstackCOMRAM 00002C
___flneg                   text25       007B1C
___flneg@f1                cstackCOMRAM 000001
___flsub                   text23       007A58
___flsub@a                 cstackCOMRAM 000032
___flsub@b                 cstackCOMRAM 00002E
___fltol                   text31       007116
___fltol@exp1              cstackCOMRAM 00000A
___fltol@f1                cstackCOMRAM 000001
___fltol@sign1             cstackCOMRAM 000009
___heap_hi                 (abs)        000000
___heap_lo                 (abs)        000000
___inthi_sp                stack        000000
___intlo_sp                stack        000000
___lodiv                   text41       007320
___lodiv@counter           cstackCOMRAM 00002A
___lodiv@dividend          cstackCOMRAM 000012
___lodiv@divisor           cstackCOMRAM 00001A
___lodiv@quotient          cstackCOMRAM 000022
___lomod                   text40       0074E8
___lomod@counter           cstackCOMRAM 000011
___lomod@dividend          cstackCOMRAM 000001
___lomod@divisor           cstackCOMRAM 000009
___param_bank              (abs)        000000
___rparam_used             (abs)        000001
___sp                      stack        000000
___wmul                    text30       007BB8
___wmul@multiplicand       cstackCOMRAM 000003
___wmul@multiplier         cstackCOMRAM 000001
___wmul@product            cstackCOMRAM 000005
___xxtofl                  text28       006C9A
___xxtofl@arg              cstackCOMRAM 000011
___xxtofl@exp              cstackCOMRAM 000010
___xxtofl@sign             cstackCOMRAM 00000F
___xxtofl@val              cstackCOMRAM 000007
__accesstop                (abs)        000060
__activetblptr             (abs)        000002
__end_of_BorraLCD          text3        007C5E
__end_of_CaracterEspecial  text6        007A58
__end_of_ConfiguraLCD      text5        007BB8
__end_of_DesplazaCursorI   text4        007C72
__end_of_DireccionaLCD     text8        007C34
__end_of_EnviaDato         text9        007950
__end_of_EscribeLCD_c      text7        007C1A
__end_of_EscribeLCD_n64    text35       004F60
__end_of_EscribeLCD_n8     text32       007116
__end_of_HabilitaLCD       text11       007CB8
__end_of_ISR               intcode_body 0062A2
__end_of_InicializaLCD     text2        0074E8
__end_of_L1                smallconst   00085D
__end_of_L2                smallconst   000859
__end_of_L3                smallconst   000855
__end_of_L4                smallconst   000851
__end_of_L5                smallconst   00084D
__end_of_L6                smallconst   000849
__end_of_MensajeLCD_Var    text1        007ADE
__end_of_P1                smallconst   000845
__end_of_P2                smallconst   000841
__end_of_P3                smallconst   00083D
__end_of_P4                smallconst   000839
__end_of_P5                smallconst   000835
__end_of_RetardoLCD        text10       00786C
__end_of___awdiv           text34       00767C
__end_of___awmod           text33       0077E4
__end_of___fladd           text24       005DEA
__end_of___fldiv           text26       006A66
__end_of___flge            text20       007320
__end_of___flmul           text29       0066CC
__end_of___flneg           text25       007B54
__end_of___flsub           text23       007A9E
__end_of___fltol           text31       00721C
__end_of___lodiv           text41       007410
__end_of___lomod           text40       0075B8
__end_of___wmul            text30       007BDE
__end_of___xxtofl          text28       006E4E
__end_of__initialization   cinit        0079FA
__end_of_bp                smallconst   000871
__end_of_cp                smallconst   000821
__end_of_cp_h              smallconst   00087D
__end_of_cp_l              smallconst   000879
__end_of_dp_h              smallconst   000811
__end_of_dp_l              smallconst   000809
__end_of_fabsf             text22       007B88
__end_of_factorial         text27       007734
__end_of_huge              smallconst   000865
__end_of_ivln2             smallconst   00081D
__end_of_ivln2_h           smallconst   000875
__end_of_ivln2_l           smallconst   000819
__end_of_lg2               smallconst   000831
__end_of_lg2_h             smallconst   00082D
__end_of_lg2_l             smallconst   000829
__end_of_main              text0        006FB6
__end_of_nanf              text19       007C00
__end_of_operar            text15       00546A
__end_of_ovt               smallconst   000825
__end_of_powf              text17       003198
__end_of_scalbnf           text21       006C9A
__end_of_sqrtf             text18       00592A
__end_of_tiny              smallconst   000861
__end_of_tiny@sqrtf$F741   smallconst   000815
__end_of_two24             smallconst   000869
__end_ofi2_BorraLCD        text14       007C9A
__end_ofi2_DesplazaCursorI text13       007C86
__end_ofi2_EnviaDato       text37       0079AE
__end_ofi2_EscribeLCD_c    text36       007C4A
__end_ofi2_HabilitaLCD     text39       007CC6
__end_ofi2_MensajeLCD_Var  text16       007B1C
__end_ofi2_RetardoLCD      text38       0078EC
__initialization           cinit        0079AE
__mediumconst              mediumconst  000000
__pbssBANK0                bssBANK0     0000B3
__pcinit                   cinit        0079AE
__pcstackBANK0             cstackBANK0  000060
__pcstackBANK1             cstackBANK1  000100
__pcstackBANK2             cstackBANK2  000210
__pcstackCOMRAM            cstackCOMRAM 000001
__pdataBANK0               dataBANK0    0000C9
__pdataBANK2               dataBANK2    000200
__pidataBANK0              idataBANK0   007CC6
__pidataBANK2              idataBANK2   007C9A
__pintcode                 intcode      000008
__pintcode_body            intcode_body 005DEA
__psmallconst              smallconst   000800
__ptext0                   text0        006E4E
__ptext1                   text1        007A9E
__ptext10                  text10       0077E4
__ptext11                  text11       007CAA
__ptext13                  text13       007C72
__ptext14                  text14       007C86
__ptext15                  text15       004F60
__ptext16                  text16       007ADE
__ptext17                  text17       0008A0
__ptext18                  text18       00546A
__ptext19                  text19       007BDE
__ptext2                   text2        007410
__ptext20                  text20       00721C
__ptext21                  text21       006A66
__ptext22                  text22       007B54
__ptext23                  text23       007A58
__ptext24                  text24       00592A
__ptext25                  text25       007B1C
__ptext26                  text26       0066CC
__ptext27                  text27       00767C
__ptext28                  text28       006C9A
__ptext29                  text29       0062A2
__ptext3                   text3        007C4A
__ptext30                  text30       007BB8
__ptext31                  text31       007116
__ptext32                  text32       006FB6
__ptext33                  text33       007734
__ptext34                  text34       0075B8
__ptext35                  text35       003198
__ptext36                  text36       007C34
__ptext37                  text37       007950
__ptext38                  text38       00786C
__ptext39                  text39       007CB8
__ptext4                   text4        007C5E
__ptext40                  text40       0074E8
__ptext41                  text41       007320
__ptext5                   text5        007B88
__ptext6                   text6        007A08
__ptext7                   text7        007C00
__ptext8                   text8        007C1A
__ptext9                   text9        0078EC
__ramtop                   ramtop       000800
__smallconst               smallconst   000800
_bp                        smallconst   000869
_contador                  bssBANK0     0000BB
_dp_h                      smallconst   000809
_dp_l                      smallconst   000801
_errno                     bssBANK0     0000B7
_estado                    bssBANK0     0000C1
_fabsf                     text22       007B54
_factorial                 text27       00767C
_fantasma                  dataBANK2    000200
_interfaz                  dataBANK0    0000CC
_led                       bssBANK0     0000B9
_main                      text0        006E4E
_nanf                      text19       007BDE
_op                        bssBANK0     0000BD
_operar                    text15       004F60
_operar$983                cstackBANK0  0000A2
_operar$984                cstackBANK0  0000A6
_pacman                    dataBANK2    000208
_powf                      text17       0008A0
_powf$985                  cstackBANK1  0001A4
_powf$986                  cstackBANK1  000158
_powf$987                  cstackBANK1  000148
_powf$988                  cstackBANK1  000198
_powf$989                  cstackBANK1  000138
_powf$990                  cstackBANK1  000100
_powf$991                  cstackBANK1  000104
_powf$992                  cstackBANK1  00015C
_powf$993                  cstackBANK1  00013C
_powf$994                  cstackBANK1  000140
_powf$995                  cstackBANK1  000108
_powf$996                  cstackBANK1  00010C
_powf$997                  cstackBANK1  000110
_powf$998                  cstackBANK1  000114
_powf$999                  cstackBANK1  000118
_res                       bssBANK0     0000C3
_scalbnf                   text21       006A66
_sqrtf                     text18       00546A
_var1                      bssBANK0     0000C7
_var2                      bssBANK0     0000BF
btemp                      temp         000058
end_of_initialization      cinit        0079FA
fabsf@F465                 bssBANK0     0000B3
fabsf@u                    cstackCOMRAM 000005
fabsf@x                    cstackCOMRAM 000001
factorial@i                cstackCOMRAM 000037
factorial@n                cstackCOMRAM 00002E
factorial@r                cstackCOMRAM 000033
i2EnviaDato@a              cstackCOMRAM 000005
i2EscribeLCD_c@a           cstackCOMRAM 000006
i2MensajeLCD_Var@a         cstackCOMRAM 000007
i2MensajeLCD_Var@p         cstackCOMRAM 000009
i2RetardoLCD@a             cstackCOMRAM 000003
i2_BorraLCD                text14       007C86
i2_DesplazaCursorI         text13       007C72
i2_EnviaDato               text37       007950
i2_EscribeLCD_c            text36       007C34
i2_HabilitaLCD             text39       007CB8
i2_MensajeLCD_Var          text16       007ADE
i2_RetardoLCD              text38       00786C
int$flags                  temp         000058
int_func                   intcode_body 005DEA
intlevel0                  text         000000
intlevel1                  text         000000
intlevel2                  text         000000
intlevel3                  text         000000
isa$std                    (abs)        000001
isa$xinst                  (abs)        000000
main@i                     cstackBANK2  00021C
nanf@s                     cstackCOMRAM 000001
nanf@u                     cstackCOMRAM 000005
powf@__xc8_float_word      cstackBANK1  0001B8
powf@ax                    cstackBANK1  000170
powf@hx                    cstackBANK1  000160
powf@hy                    cstackBANK1  00017C
powf@i                     cstackBANK1  00012C
powf@is                    cstackBANK1  000194
powf@ix                    cstackBANK1  0001A8
powf@iy                    cstackBANK1  000190
powf@j                     cstackBANK1  0001AC
powf@k                     cstackBANK1  0001A0
powf@n                     cstackBANK1  000188
powf@p_h                   cstackBANK1  00019C
powf@p_l                   cstackBANK1  000164
powf@r                     cstackBANK1  00014C
powf@s                     cstackBANK1  000154
powf@s2                    cstackBANK1  00018C
powf@s_h                   cstackBANK1  00016C
powf@s_l                   cstackBANK1  000130
powf@sn                    cstackBANK1  000184
powf@t                     cstackBANK1  0001B0
powf@t1                    cstackBANK1  000180
powf@t2                    cstackBANK1  00011C
powf@t_h                   cstackBANK1  000168
powf@t_l                   cstackBANK1  000134
powf@u                     cstackBANK1  000174
powf@v                     cstackBANK1  000178
powf@w                     cstackBANK1  000144
powf@x                     cstackBANK0  000084
powf@y                     cstackBANK0  000088
powf@y1                    cstackBANK1  000128
powf@yisint                cstackBANK1  000150
powf@z                     cstackBANK1  0001B4
powf@z_h                   cstackBANK1  000120
powf@z_l                   cstackBANK1  000124
scalbnf@n                  cstackCOMRAM 000032
scalbnf@u                  cstackCOMRAM 000038
scalbnf@x                  cstackCOMRAM 00002E
scalbnf@y                  cstackCOMRAM 00003C
sqrtf@__xc8_float_word     cstackBANK0  000068
sqrtf@i                    cstackBANK0  000064
sqrtf@ix                   cstackBANK0  000080
sqrtf@m                    cstackBANK0  000078
sqrtf@q                    cstackBANK0  00006C
sqrtf@r                    cstackBANK0  00007C
sqrtf@s                    cstackBANK0  000060
sqrtf@t                    cstackBANK0  000070
sqrtf@x                    cstackCOMRAM 000042
sqrtf@z                    cstackBANK0  000074
stackhi                    (abs)        000000
stacklo                    (abs)        000000
start                      init         00000E
start_initialization       cinit        0079AE
ttemp5                     temp         000059
ttemp6                     temp         00005C
ttemp7                     temp         000060
wtemp8                     temp         000059


MODULE INFORMATION

Module		Function		Class		Link	Load	Size
C:\Program Files\Microchip\xc8\v2.36\pic\sources\c99\common\nanf.c
		_nanf          		CODE           	7BDE	0000	34

C:\Program Files\Microchip\xc8\v2.36\pic\sources\c99\common\nanf.c estimated size: 34

C:\Program Files\Microchip\xc8\v2.36\pic\sources\c99\common\lomod.c
		___lomod       		CODE           	74E8	0000	208

C:\Program Files\Microchip\xc8\v2.36\pic\sources\c99\common\lomod.c estimated size: 208

C:\Program Files\Microchip\xc8\v2.36\pic\sources\c99\common\sprcmul.c
		___flmul       		CODE           	62A2	0000	1066

C:\Program Files\Microchip\xc8\v2.36\pic\sources\c99\common\sprcmul.c estimated size: 1066

./LibLCDXC8.h
		_DireccionaLCD 		CODE           	7C1A	0000	26
		_InicializaLCD 		CODE           	7410	0000	216
		_EnviaDato     		CODE           	78EC	0000	100
		_MensajeLCD_Var		CODE           	7A9E	0000	64
		_CaracterEspecial		CODE           	7A08	0000	80
		_EscribeLCD_c  		CODE           	7C00	0000	26
		_HabilitaLCD   		CODE           	7CAA	0000	14
		_EscribeLCD_n8 		CODE           	6FB6	0000	352
		_ConfiguraLCD  		CODE           	7B88	0000	48
		_EscribeLCD_n64		CODE           	3198	0000	7624
		_BorraLCD      		CODE           	7C4A	0000	20
		_RetardoLCD    		CODE           	77E4	0000	136
		_DesplazaCursorI		CODE           	7C5E	0000	20

./LibLCDXC8.h estimated size: 8726

C:\Program Files\Microchip\xc8\v2.36\pic\sources\c99\common\sprcdiv.c
		___fldiv       		CODE           	66CC	0000	922

C:\Program Files\Microchip\xc8\v2.36\pic\sources\c99\common\sprcdiv.c estimated size: 922

C:\Program Files\Microchip\xc8\v2.36\pic\sources\c99\common\awmod.c
		___awmod       		CODE           	7734	0000	176

C:\Program Files\Microchip\xc8\v2.36\pic\sources\c99\common\awmod.c estimated size: 176

C:\Program Files\Microchip\xc8\v2.36\pic\sources\c99\common\scalbnf.c
		_scalbnf       		CODE           	6A66	0000	564

C:\Program Files\Microchip\xc8\v2.36\pic\sources\c99\common\scalbnf.c estimated size: 564

C:\Program Files\Microchip\xc8\v2.36\pic\sources\c99\common\xxtofl.c
		___xxtofl      		CODE           	6C9A	0000	436

C:\Program Files\Microchip\xc8\v2.36\pic\sources\c99\common\xxtofl.c estimated size: 436

C:\Program Files\Microchip\xc8\v2.36\pic\sources\c99\common\lodiv.c
		___lodiv       		CODE           	7320	0000	240

C:\Program Files\Microchip\xc8\v2.36\pic\sources\c99\common\lodiv.c estimated size: 240

C:\Program Files\Microchip\xc8\v2.36\pic\sources\c99\common\powf.c
		_powf          		CODE           	08A0	0000	10488

C:\Program Files\Microchip\xc8\v2.36\pic\sources\c99\common\powf.c estimated size: 10488

C:\Program Files\Microchip\xc8\v2.36\pic\sources\c99\common\sprcadd.c
		___flsub       		CODE           	7A58	0000	70
		___fladd       		CODE           	592A	0000	1216

C:\Program Files\Microchip\xc8\v2.36\pic\sources\c99\common\sprcadd.c estimated size: 1286

C:\Program Files\Microchip\xc8\v2.36\pic\sources\c99\common\sqrtf.c
		_sqrtf         		CODE           	546A	0000	1216

C:\Program Files\Microchip\xc8\v2.36\pic\sources\c99\common\sqrtf.c estimated size: 1216

C:\Program Files\Microchip\xc8\v2.36\pic\sources\c99\common\awdiv.c
		___awdiv       		CODE           	75B8	0000	196

C:\Program Files\Microchip\xc8\v2.36\pic\sources\c99\common\awdiv.c estimated size: 196

C:\Program Files\Microchip\xc8\v2.36\pic\sources\c99\common\fltol.c
		___fltol       		CODE           	7116	0000	262

C:\Program Files\Microchip\xc8\v2.36\pic\sources\c99\common\fltol.c estimated size: 262

shared
		i2_MensajeLCD_Var		CODE           	7ADE	0000	62
		_L5            		SMALLCONST     	0000	0000	0
		_P3            		SMALLCONST     	0000	0000	0
		_L6            		SMALLCONST     	0000	0000	0
		_P4            		SMALLCONST     	0000	0000	0
		_P5            		SMALLCONST     	0000	0000	0
		i2_EscribeLCD_c		CODE           	7C34	0000	22
		_tiny@sqrtf$F741		SMALLCONST     	0000	0000	0
		i2_EnviaDato   		CODE           	7950	0000	94
		_lg2_l         		SMALLCONST     	0000	0000	0
		_ivln2_l       		SMALLCONST     	0000	0000	0
		_ivln2         		SMALLCONST     	0000	0000	0
		__initialization		CODE           	79AE	0000	76
		i2_HabilitaLCD 		CODE           	7CB8	0000	14
		_bp            		SMALLCONST     	0869	0000	8
		_cp            		SMALLCONST     	0000	0000	0
		_cp_h          		SMALLCONST     	0000	0000	0
		_dp_h          		SMALLCONST     	0809	0000	8
		_lg2           		SMALLCONST     	0000	0000	0
		_lg2_h         		SMALLCONST     	0000	0000	0
		i2_BorraLCD    		CODE           	7C86	0000	20
		_ivln2_h       		SMALLCONST     	0000	0000	0
		_tiny          		SMALLCONST     	0000	0000	0
		i2_RetardoLCD  		CODE           	786C	0000	128
		_ovt           		SMALLCONST     	0000	0000	0
		_huge          		SMALLCONST     	0000	0000	0
		_two24         		SMALLCONST     	0000	0000	0
		_cp_l          		SMALLCONST     	0000	0000	0
		i2_DesplazaCursorI		CODE           	7C72	0000	20
		_dp_l          		SMALLCONST     	0801	0000	8
		_L1            		SMALLCONST     	0000	0000	0
		_L2            		SMALLCONST     	0000	0000	0
		_L3            		SMALLCONST     	0000	0000	0
		_P1            		SMALLCONST     	0000	0000	0
		_L4            		SMALLCONST     	0000	0000	0
		_P2            		SMALLCONST     	0000	0000	0

shared estimated size: 460

C:\Program Files\Microchip\xc8\v2.36\pic\sources\c99\common\flge.c
		___flge        		CODE           	721C	0000	260

C:\Program Files\Microchip\xc8\v2.36\pic\sources\c99\common\flge.c estimated size: 260

Lab4.c
		_factorial     		CODE           	767C	0000	184
		_ISR           		CODE           	0008	0000	1214
		_main          		CODE           	6E4E	0000	360
		_operar        		CODE           	4F60	0000	1290

Lab4.c estimated size: 3048

C:\Program Files\Microchip\xc8\v2.36\pic\sources\c99\common\Umul16.c
		___wmul        		CODE           	7BB8	0000	38

C:\Program Files\Microchip\xc8\v2.36\pic\sources\c99\common\Umul16.c estimated size: 38

C:\Program Files\Microchip\xc8\v2.36\pic\sources\c99\common\flneg.c
		___flneg       		CODE           	7B1C	0000	56

C:\Program Files\Microchip\xc8\v2.36\pic\sources\c99\common\flneg.c estimated size: 56

C:\Program Files\Microchip\xc8\v2.36\pic\sources\c99\common\fabsf.c
		_fabsf         		CODE           	7B54	0000	52

C:\Program Files\Microchip\xc8\v2.36\pic\sources\c99\common\fabsf.c estimated size: 52

